// Jest Snapshot v1, https://goo.gl/fbAQLP

exports[`Artist Artists renderer without crashing 1`] = `
<main
  className="sc-kkGfuU khwjdg"
>
  <div
    className="sc-iwsKbI lhnNTF"
  >
    <div
      className="sc-gZMcBi bLjqeM"
    >
      <div
        className="sc-gqjmRU jraKAo"
      />
    </div>
  </div>
  <div
    className="sc-dnqmqq haujyR"
  >
    <form
      className="sc-gzVnrw cAeJnK"
      method="POST"
      onSubmit={[Function]}
    >
      <div
        className="sc-htpNat farngo"
      >
        <div
          className="sc-bdVaJa LDKxg"
        >
          <select
            className="sc-bwzfXH ljcehE"
            name="option"
            onChange={[Function]}
            selected="artist"
            value="artist"
          >
            <option
              value="artist"
            >
              Artists
            </option>
            <option
              value="album"
            >
              Albums
            </option>
            <option
              value="track"
            >
              Tracks
            </option>
          </select>
        </div>
      </div>
      <div
        className="sc-bxivhb kBJQUN"
      >
        <input
          className="sc-ifAKCX cJifCe"
          name="query"
          onChange={[Function]}
          placeholder="Search for Artists, Albums or Tracks..."
          type="text"
          value=""
        />
      </div>
      <div
        className="sc-EHOje dmZUow"
      >
        <button
          className="sc-bZQynM cYeeSS"
          type="submit"
        >
          Search
        </button>
      </div>
    </form>
  </div>
  <div
    className="sc-kEYyzF dpgOga"
  />
</main>
`;
