// Jest Snapshot v1, https://goo.gl/fbAQLP

exports[`Button renderer without crash 1`] = `
<div
  className="sc-bdVaJa LDKxg"
>
  <button
    className="sc-bwzfXH jAinUC"
    type="button"
  >
    Testing
  </button>
</div>
`;
