// Jest Snapshot v1, https://goo.gl/fbAQLP

exports[`InputText renderer without crash 1`] = `
<div
  className="sc-bdVaJa LDKxg"
>
  <input
    className="sc-bwzfXH cTikch"
    placeholder="testing"
    type="text"
  />
</div>
`;
