// Jest Snapshot v1, https://goo.gl/fbAQLP

exports[`Alert renderer without crashing 1`] = `
<div
  className="sc-bdVaJa KsjYc"
>
  Testing
</div>
`;
